[33m ·ê≥ [0mFizz/
[33m ·ê≥ [0m1,2,3
[33m ·ê≥ [0m1,2,(3,4)
[33m ·ê≥ [0my/2`37@y[3
[33m ·ê≥ [0mzziF
1
2
3
1 2
3 4
37
18
9
